2kWrappers/unicodeFixes.cpp.i
2kWrappers/veracode.json
Cashier/cscas.c.i
Cashier/cscas_s.c.i
Cashier/veracode.json
Client/CSSTBEPT.C.i
Client/csetkbak.c.i
Client/csleadst.c.i
Client/csstbbak.c.i
Client/csstbcas.c.i
Client/csstbcom.c.i
Client/csstbcpm.c.i
Client/csstbdfl.c.i
Client/csstbej.c.i
Client/csstbetk.c.i
Client/csstbgcf.c.i
Client/csstbkps.c.i
Client/csstbopr.c.i
Client/csstbpar.c.i
Client/csstbplu.c.i
Client/csstbshr.c.i
Client/csstbstb.c.i
Client/csstbttl.c.i
Client/veracode.json
Common/common.c.i
Common/itcurvat.c.i
Common/itprevus.c.i
Common/itsndkds.c.i
Common/ittax.c.i
Common/veracode.json
ConnEngineMfc/ConnEngineMfc.cpp.i
ConnEngineMfc/ConnEngineSocket.cpp.i
ConnEngineMfc/StdAfx.cpp.i
ConnEngineMfc/veracode.json
Coupon/itcoupon.c.i
Coupon/itcpnupc.c.i
Coupon/veracode.json
Device67xxScaleNT/Device.cpp.i
Device67xxScaleNT/Device67xxScale.cpp.i
Device67xxScaleNT/Packet.cpp.i
Device67xxScaleNT/StdAfx.cpp.i
Device67xxScaleNT/UIESCALE.cpp.i
Device67xxScaleNT/veracode.json
Device7158Printer/Device71xxPrinter.cpp.i
Device7158Printer/DeviceCaps.cpp.i
Device7158Printer/ESCPCLOS.cpp.i
Device7158Printer/ESCPCNTL.cpp.i
Device7158Printer/ESCPFIFO.cpp.i
Device7158Printer/ESCPINIT.cpp.i
Device7158Printer/ESCPOPEN.cpp.i
Device7158Printer/ESCPREAD.cpp.i
Device7158Printer/ESCPWRIT.cpp.i
Device7158Printer/PMGRCV.cpp.i
Device7158Printer/Pmgif.cpp.i
Device7158Printer/StdAfx.cpp.i
Device7158Printer/pmgcmn.cpp.i
Device7158Printer/pmgsend.cpp.i
Device7158Printer/veracode.json
Device7194Printer/Device71xxPrinter.cpp.i
Device7194Printer/DeviceCaps.cpp.i
Device7194Printer/ESCPCLOS.cpp.i
Device7194Printer/ESCPCNTL.cpp.i
Device7194Printer/ESCPFIFO.cpp.i
Device7194Printer/ESCPINIT.cpp.i
Device7194Printer/ESCPOPEN.cpp.i
Device7194Printer/ESCPREAD.cpp.i
Device7194Printer/ESCPWRIT.cpp.i
Device7194Printer/PMGRCV.cpp.i
Device7194Printer/Pmgif.cpp.i
Device7194Printer/StdAfx.cpp.i
Device7194Printer/pmgcmn.cpp.i
Device7194Printer/pmgsend.cpp.i
Device7194Printer/veracode.json
DeviceConfig/Crypto.cpp.i
DeviceConfig/DeviceConfig.cpp.i
DeviceConfig/DeviceConfigDlg.cpp.i
DeviceConfig/DialogDeviceList.cpp.i
DeviceConfig/DialogDisconnectedSatParams.cpp.i
DeviceConfig/DialogInitialReset.cpp.i
DeviceConfig/DialogOptionValue.cpp.i
DeviceConfig/DialogOptions.cpp.i
DeviceConfig/DialogPortSettings.cpp.i
DeviceConfig/MsxmlWrapper.cpp.i
DeviceConfig/MyDropTarget.cpp.i
DeviceConfig/MySourceData.cpp.i
DeviceConfig/NetworkPortDlg.cpp.i
DeviceConfig/OPOSDlg.cpp.i
DeviceConfig/OPOSTestDlg.cpp.i
DeviceConfig/OposPinPadOptions.cpp.i
DeviceConfig/PluUtilities.cpp.i
DeviceConfig/SPassWd.cpp.i
DeviceConfig/SaveWindow.cpp.i
DeviceConfig/ScfInterface.cpp.i
DeviceConfig/ScfList.cpp.i
DeviceConfig/ScfParameters.cpp.i
DeviceConfig/SecretNumberDlg.cpp.i
DeviceConfig/ShortCut.cpp.i
DeviceConfig/StdAfx.cpp.i
DeviceConfig/TestDlg.cpp.i
DeviceConfig/dragdropDlg.cpp.i
DeviceConfig/oposposprinter.cpp.i
DeviceConfig/veracode.json
DeviceKitchenCrt/DeviceCaps.cpp.i
DeviceKitchenCrt/DeviceMisc.cpp.i
DeviceKitchenCrt/StdAfx.cpp.i
DeviceKitchenCrt/veracode.json
DeviceKitchenPrinter/DeviceCaps.cpp.i
DeviceKitchenPrinter/DeviceMisc.cpp.i
DeviceKitchenPrinter/StdAfx.cpp.i
DeviceKitchenPrinter/veracode.json
DeviceNCR78xxNT/Device.cpp.i
DeviceNCR78xxNT/Device78xxScanner.cpp.i
DeviceNCR78xxNT/Packet.cpp.i
DeviceNCR78xxNT/StdAfx.cpp.i
DeviceNCR78xxNT/UIESCAN.cpp.i
DeviceNCR78xxNT/veracode.json
Disc/disccalc.c.i
Disc/discchk.c.i
Disc/discqual.c.i
Disc/idcomnif.c.i
Disc/itdisc.c.i
Disc/itdscmod.c.i
Disc/veracode.json
Disp20/DSPLP20.C.i
Disp20/DSPPMU20.C.i
Disp20/DSPRST20.C.i
Disp20/disp20.c.i
Disp20/dspbi20.c.i
Disp20/dspcas20.c.i
Disp20/dspcom20.c.i
Disp20/dspcstr2.c.i
Disp20/dspctl20.c.i
Disp20/dspdmu20.c.i
Disp20/dspdscc2.c.i
Disp20/dspdsco2.c.i
Disp20/dspdsp20.c.i
Disp20/dspecho2.c.i
Disp20/dspefl20.c.i
Disp20/dspetk20.c.i
Disp20/dspfc20.c.i
Disp20/dspfl20.c.i
Disp20/dspflx20.c.i
Disp20/dspfmt20.c.i
Disp20/dspfsc20.c.i
Disp20/dspfxdr2.c.i
Disp20/dsphur20.c.i
Disp20/dspkds20.c.i
Disp20/dsplvl20.c.i
Disp20/dspmep20.c.i
Disp20/dspmne20.c.i
Disp20/dspoep20.c.i
Disp20/dsppamt2.c.i
Disp20/dsppig20.c.i
Disp20/dspplu20.c.i
Disp20/dspppi20.c.i
Disp20/dspred20.c.i
Disp20/dsprnd20.c.i
Disp20/dspsto20.c.i
Disp20/dsptar20.c.i
Disp20/dsptcl20.c.i
Disp20/dsptxr20.c.i
Disp20/dsptxt20.c.i
Disp20/dsptyp20.c.i
Disp20/veracode.json
Displcd/displcd.c.i
Displcd/veracode.json
Dspfly/dfl.c.i
Dspfly/dflin.c.i
Dspfly/veracode.json
EEptInterface/EEptInterface.cpp.i
EEptInterface/StdAfx.cpp.i
EEptInterface/veracode.json
Ej/ej.c.i
Ej/veracode.json
Enhkds/enhkds.c.i
Enhkds/enhkdsin.c.i
Enhkds/veracode.json
Etk/csetk.c.i
Etk/csetk_s.c.i
Etk/csetkin.c.i
Etk/veracode.json
EventSubSystem/EvsApi.c.i
EventSubSystem/EvsDlm.c.i
EventSubSystem/EvsInit.c.i
EventSubSystem/EvsPrcV.c.i
EventSubSystem/EvsPrcW.c.i
EventSubSystem/EvsProc.c.i
EventSubSystem/EvsVio.c.i
EventSubSystem/VOSMISC.C.i
EventSubSystem/VOSWDELE.C.i
EventSubSystem/veracode.json
EventSubSystem/vosblig.c.i
EventSubSystem/vosbligo.c.i
EventSubSystem/vosblink.c.i
EventSubSystem/vosbords.c.i
EventSubSystem/voscls.c.i
EventSubSystem/vosctype.c.i
EventSubSystem/vosdispa.c.i
EventSubSystem/vosgcur.c.i
EventSubSystem/vosinit.c.i
EventSubSystem/vosmem.c.i
EventSubSystem/vosmem2.c.i
EventSubSystem/vosmode.c.i
EventSubSystem/vosprtf.c.i
EventSubSystem/vosprtfa.c.i
EventSubSystem/vosqueue.c.i
EventSubSystem/vosrefre.c.i
EventSubSystem/vosscur.c.i
EventSubSystem/vossdown.c.i
EventSubSystem/vosstr.c.i
EventSubSystem/vosstra.c.i
EventSubSystem/vossup.c.i
EventSubSystem/vostable.c.i
EventSubSystem/vosthrea.c.i
EventSubSystem/voswcrea.c.i
EventSubSystem/voswtype.c.i
Fdt/fdtapif.c.i
Fdt/fdtcom.c.i
Fdt/fdtfile.c.i
Fdt/fdtmain.c.i
Fdt/veracode.json
Framework/CWebBrowser2.cpp.i
Framework/Crypto.cpp.i
Framework/Device.cpp.i
Framework/DeviceEngine.cpp.i
Framework/DeviceEngineThread.cpp.i
Framework/DeviceSS.cpp.i
Framework/DeviceScale.cpp.i
Framework/DeviceScanner.cpp.i
Framework/DisplayBitMap.cpp.i
Framework/Framework.cpp.i
Framework/FrameworkWndButton.cpp.i
Framework/FrameworkWndDoc.cpp.i
Framework/FrameworkWndEditBox.cpp.i
Framework/FrameworkWndItem.cpp.i
Framework/FrameworkWndLabel.cpp.i
Framework/FrameworkWndListBox.cpp.i
Framework/FrameworkWndText.cpp.i
Framework/MessageDialog.cpp.i
Framework/MsxmlWrapper.cpp.i
Framework/OPOSControl.cpp.i
Framework/ScrollReport.cpp.i
Framework/SecurityCommandLineParser.cpp.i
Framework/ServerProc.cpp.i
Framework/StdAfx.cpp.i
Framework/activeformx.cpp.i
Framework/linedisplay.cpp.i
Framework/oposcashdrawer.cpp.i
Framework/oposcoindispenser.cpp.i
Framework/oposlinedisplay.cpp.i
Framework/oposposprinter.cpp.i
Framework/veracode.json
Framework/zebraprint.cpp.i
Gcf/csgcf.c.i
Gcf/csgcf_s.c.i
Gcf/csgcfin.c.i
Gcf/veracode.json
HEM/BusinessLogic.c.i
HEM/ConnEngineObjectIf.c.i
HEM/DataQuery.c.i
HEM/FrameworkIf.c.i
HEM/ObjectMaker.c.i
HEM/pifmain.c.i
HEM/veracode.json
Isp/ispabort.c.i
Isp/ispcas.c.i
Isp/ispclean.c.i
Isp/ispcom.c.i
Isp/ispcpm.c.i
Isp/ispej.c.i
Isp/isperh.c.i
Isp/ispesr.c.i
Isp/ispetk.c.i
Isp/ispgcf.c.i
Isp/ispmain.c.i
Isp/ispopr.c.i
Isp/ispoprsb.c.i
Isp/isppass.c.i
Isp/isprmh.c.i
Isp/isprmt.c.i
Isp/ispttl.c.i
Isp/ispuif.c.i
Isp/veracode.json
Kitprnt/cskp.c.i
Kitprnt/cskpConv.c.i
Kitprnt/cskpin.c.i
Kitprnt/cskpinEx.c.i
Kitprnt/veracode.json
Maint/MATAGE.C.i
Maint/MATLPCOM.C.i
Maint/MATMISC.C.i
Maint/MATPLUNO.C.i
Maint/MATREST.C.i
Maint/MATTOD.C.i
Maint/matabort.c.i
Maint/matact.c.i
Maint/matadj.c.i
Maint/matakit.c.i
Maint/matautocpn.c.i
Maint/matcas.c.i
Maint/matcash.c.i
Maint/match24.c.i
Maint/matcom.c.i
Maint/matcopy.c.i
Maint/matcost.c.i
Maint/matcpm.c.i
Maint/matcpn.c.i
Maint/matcstr.c.i
Maint/matctlt.c.i
Maint/matcur.c.i
Maint/matdept.c.i
Maint/matdisc.c.i
Maint/matdism.c.i
Maint/matdptno.c.i
Maint/matdspns.c.i
Maint/matent.c.i
Maint/matetk.c.i
Maint/matetkfl.c.i
Maint/matfeed.c.i
Maint/matfin.c.i
Maint/matflex.c.i
Maint/matfsc.c.i
Maint/matfxdrv.c.i
Maint/matgcno.c.i
Maint/mathalo.c.i
Maint/mathosts.c.i
Maint/mathour.c.i
Maint/mathtid.c.i
Maint/matkctl.c.i
Maint/matkdsip.c.i
Maint/matktyp.c.i
Maint/matlall.c.i
Maint/matlead.c.i
Maint/matloan.c.i
Maint/matlsup.c.i
Maint/matmdc.c.i
Maint/matmdep.c.i
Maint/matmdin.c.i
Maint/matmkit.c.i
Maint/matmld.c.i
Maint/matoep.c.i
Maint/matopsts.c.i
Maint/matpamt.c.i
Maint/matpcif.c.i
Maint/matpick.c.i
Maint/matpig.c.i
Maint/matplu.c.i
Maint/matplum.c.i
Maint/matppi.c.i
Maint/matpremd.c.i
Maint/matprom.c.i
Maint/matprtm.c.i
Maint/matrdisp.c.i
Maint/matregn.c.i
Maint/matrepo.c.i
Maint/matrnd.c.i
Maint/matsecu.c.i
Maint/matserv.c.i
Maint/matshr.c.i
Maint/matslip.c.i
Maint/matsoft.c.i
Maint/matspem.c.i
Maint/matstpg.c.i
Maint/matsupl.c.i
Maint/mattare.c.i
Maint/mattax1.c.i
Maint/mattax2.c.i
Maint/mattax3.c.i
Maint/mattax4.c.i
Maint/mattaxr.c.i
Maint/mattend.c.i
Maint/mattone.c.i
Maint/mattran.c.i
Maint/matunlock.c.i
Maint/veracode.json
Misc/itmisc.c.i
Misc/veracode.json
MldMain/MldMain.c.i
MldMain/veracode.json
Mlddisp/mldadd1.c.i
Mlddisp/mldadd2.c.i
Mlddisp/mldcasi.c.i
Mlddisp/mldcncl.c.i
Mlddisp/mldcpn.c.i
Mlddisp/mldctax.c.i
Mlddisp/mlddept.c.i
Mlddisp/mlddisc.c.i
Mlddisp/mldftnd.c.i
Mlddisp/mldhead.c.i
Mlddisp/mldimod.c.i
Mlddisp/mldirdi.c.i
Mlddisp/mlditem.c.i
Mlddisp/mldmisc.c.i
Mlddisp/mldmltl.c.i
Mlddisp/mldmltp.c.i
Mlddisp/mldmodd.c.i
Mlddisp/mldmul.c.i
Mlddisp/mldmulc.c.i
Mlddisp/mldmulp.c.i
Mlddisp/mldnchk.c.i
Mlddisp/mldntnd.c.i
Mlddisp/mldoopn.c.i
Mlddisp/mldopen.c.i
Mlddisp/mldreod.c.i
Mlddisp/mldrgcom.c.i
Mlddisp/mldsale.c.i
Mlddisp/mldset.c.i
Mlddisp/mldsevt.c.i
Mlddisp/mldsign.c.i
Mlddisp/mldtax.c.i
Mlddisp/mldtend.c.i
Mlddisp/mldtip.c.i
Mlddisp/mldtotl.c.i
Mlddisp/mldtray.c.i
Mlddisp/mldttl.c.i
Mlddisp/mldutax.c.i
Mlddisp/mldvat.c.i
Mlddisp/veracode.json
Mldsup/mldcas.c.i
Mldsup/mldcom.c.i
Mldsup/mldcomrp.c.i
Mldsup/mldconfigt.c.i
Mldsup/mldcpnm.c.i
Mldsup/mldcprpt.c.i
Mldsup/mldcwrpt.c.i
Mldsup/mlddeptm.c.i
Mldsup/mldderpt.c.i
Mldsup/mldejt.c.i
Mldsup/mldemp.c.i
Mldsup/mlderrt.c.i
Mldsup/mldetkft.c.i
Mldsup/mldetkt.c.i
Mldsup/mldgcft.c.i
Mldsup/mldhorpt.c.i
Mldsup/mldmatfm.c.i
Mldsup/mldmnt.c.i
Mldsup/mldoep.c.i
Mldsup/mldpgrpt.c.i
Mldsup/mldplrpt.c.i
Mldsup/mldplu.c.i
Mldsup/mldplum.c.i
Mldsup/mldppit.c.i
Mldsup/mldregft.c.i
Mldsup/mldservt.c.i
Mldsup/mldtaxm.c.i
Mldsup/mldtrns.c.i
Mldsup/veracode.json
Mldvosif/mlddesc.c.i
Mldvosif/mldfile.c.i
Mldvosif/mldinit.c.i
Mldvosif/mldother.c.i
Mldvosif/mldpopup.c.i
Mldvosif/mldprntf.c.i
Mldvosif/mldscrol.c.i
Mldvosif/mldstor.c.i
Mldvosif/mldstor2.c.i
Mldvosif/mldtran.c.i
Mldvosif/mldwrite.c.i
Mldvosif/veracode.json
Modein/itmodein.c.i
Modein/veracode.json
Modif/itmodif.c.i
Modif/veracode.json
NHPOS_filetool/NHPOS_filetool.cpp.i
NHPOS_filetool/stdafx.cpp.i
NHPOS_filetool/veracode.json
Nb/NBDESC.C.i
Nb/Nbnet.c.i
Nb/nbgetmdc.c.i
Nb/nbmain.c.i
Nb/nbsub.c.i
Nb/nbuif.c.i
Nb/veracode.json
Opeclose/itcasout.c.i
Opeclose/itwaiout.c.i
Opeclose/keyout.c.i
Opeclose/signout.c.i
Opeclose/veracode.json
Opeclose/waironf.c.i
Opeopen/itsignin.c.i
Opeopen/veracode.json
Opepara/APPLINI.C.i
Opepara/nwop.c.i
Opepara/nwopin.c.i
Opepara/veracode.json
Other/itother.c.i
Other/veracode.json
PLU/PLUMAIN.C.i
PLU/PLUPHYSC.C.i
PLU/PluHash.c.i
PLU/PluSer.c.i
PLU/pluappli.c.i
PLU/pluassert.c.i
PLU/plumanip.c.i
PLU/veracode.json
Para/PARAACT.C.i
Para/PARAADJ.C.i
Para/PARAAGE.C.i
Para/PARAAUTO.C.i
Para/PARACASH.C.i
Para/PARACH24.C.i
Para/PARACOST.C.i
Para/PARACTLT.C.i
Para/PARACURR.C.i
Para/PARADISC.C.i
Para/PARADRVT.C.i
Para/PARAFLEX.C.i
Para/PARAFSC.C.i
Para/PARAHALO.C.i
Para/PARAHOUR.C.i
Para/PARAHTID.C.i
Para/PARAIP.C.i
Para/PARAKCTL.C.i
Para/PARAKTYP.C.i
Para/PARALEAD.C.i
Para/PARAMANU.C.i
Para/PARAMDEP.C.i
Para/PARAMENU.C.i
Para/PARAMISC.C.i
Para/PARAOEP.C.i
Para/PARAPAMT.C.i
Para/PARAPCIF.C.i
Para/PARAPIG.C.i
Para/PARAPLU.C.i
Para/PARAPROM.C.i
Para/PARAPRTM.C.i
Para/PARAREGN.C.i
Para/PARAREPO.C.i
Para/PARAREST.C.i
Para/PARARND.C.i
Para/PARASECU.C.i
Para/PARASERV.C.i
Para/PARASHR.C.i
Para/PARASLIP.C.i
Para/PARASOFT.C.i
Para/PARASPCO.C.i
Para/PARASPEM.C.i
Para/PARASUPL.C.i
Para/PARATARE.C.i
Para/PARATAXR.C.i
Para/PARATONE.C.i
Para/PARATRAN.C.i
Para/PARATTBL.C.i
Para/Paradept.c.i
Para/para.c.i
Para/paraall.c.i
Para/paradsps.c.i
Para/paramdc.c.i
Para/paratend.c.i
Para/uniniram.c.i
Para/veracode.json
PifNet/NETMEMRY.C.i
PifNet/NETQUEUE.C.i
PifNet/NETSYSTM.C.i
PifNet/NET_APIS.C.i
PifNet/NET_ECHO.C.i
PifNet/Pifnet.c.i
PifNet/StdAfx.c.i
PifNet/net_body.c.i
PifNet/netsem.c.i
PifNet/veracode.json
PluTotal/CnAdoXP.cpp.i
PluTotal/NDbgTrc.cpp.i
PluTotal/NStr.cpp.i
PluTotal/PluTotal.cpp.i
PluTotal/PluTtlAp.cpp.i
PluTotal/PluTtlBk.cpp.i
PluTotal/PluTtlDb.cpp.i
PluTotal/PluTtlM.cpp.i
PluTotal/PluTtlRg.cpp.i
PluTotal/StdAfx.cpp.i
PluTotal/veracode.json
Pmg/LoadDev.c.i
Pmg/pmgCONNENGINE.c.i
Pmg/pmgFILE.c.i
Pmg/pmgOPOS.c.i
Pmg/pmgWIN.c.i
Pmg/pmgZEBRA.c.i
Pmg/pmgif.c.i
Pmg/veracode.json
Progrpt/_progcas.c.i
Progrpt/_progcmn.c.i
Progrpt/_progcpn.c.i
Progrpt/_progdpt.c.i
Progrpt/_progeod.c.i
Progrpt/_progfil.c.i
Progrpt/_progfin.c.i
Progrpt/_proghur.c.i
Progrpt/_progind.c.i
Progrpt/_progplu.c.i
Progrpt/_progptd.c.i
Progrpt/_progtim.c.i
Progrpt/progrpt.c.i
Progrpt/veracode.json
Rfl/RFLBCD.C.i
Rfl/RFLLABEL.C.i
Rfl/RFLPLU.C.i
Rfl/rfl3to4.c.i
Rfl/rflRSSVAR.c.i
Rfl/rflbser.c.i
Rfl/rflcalc.c.i
Rfl/rflcd.c.i
Rfl/rflcmp.c.i
Rfl/rflfmem.c.i
Rfl/rflform.c.i
Rfl/rflfstr.c.i
Rfl/rflgetit.c.i
Rfl/rflhalo.c.i
Rfl/rflrandm.c.i
Rfl/rflround.c.i
Rfl/rflstr.c.i
Rfl/rfltax.c.i
Rfl/veracode.json
Rpt/RPTTLY.C.i
Rpt/rptcas.c.i
Rpt/rptcom.c.i
Rpt/rptconfig.c.i
Rpt/rptcpn.c.i
Rpt/rptdept.c.i
Rpt/rpteept.c.i
Rpt/rptej.c.i
Rpt/rpteod.c.i
Rpt/rptetk.c.i
Rpt/rptgcf.c.i
Rpt/rpthour.c.i
Rpt/rptplu.c.i
Rpt/rptplugroup.c.i
Rpt/rptptd.c.i
Rpt/rptregfn.c.i
Rpt/rptserv.c.i
Rpt/rptwindows.c.i
Rpt/veracode.json
Sales/sales.c.i
Sales/setmenu.c.i
Sales/sladj.c.i
Sales/slbuild.c.i
Sales/slcalc.c.i
Sales/slcomn.c.i
Sales/slcomnif.c.i
Sales/slcond.c.i
Sales/sldept.c.i
Sales/sldptopn.c.i
Sales/slgiftcard.c.i
Sales/sllabel.c.i
Sales/sllink.c.i
Sales/sllocal.c.i
Sales/slmod.c.i
Sales/slmoddsc.c.i
Sales/slnonadj.c.i
Sales/sloep.c.i
Sales/slpcheck.c.i
Sales/slplu.c.i
Sales/slprep.c.i
Sales/slprnmod.c.i
Sales/slrandom.c.i
Sales/slrepeat.c.i
Sales/slvoid.c.i
Sales/veracode.json
Security/security.c.i
Security/veracode.json
Server/SERVCOM.C.i
Server/SERVCPM.C.i
Server/SERVDFL.C.i
Server/SERVERH.C.i
Server/SERVESR.C.i
Server/SERVINQ.C.i
Server/SERVKPS.C.i
Server/SERVMAIN.C.i
Server/SERVOPR.C.i
Server/SERVSHR.C.i
Server/SERVSST.C.i
Server/servbak.c.i
Server/servcas.c.i
Server/servej.c.i
Server/servetk.c.i
Server/servgcf.c.i
Server/servrmh.c.i
Server/servttl.c.i
Server/veracode.json
Share/SHR.C.i
Share/shrin.c.i
Share/veracode.json
SystemConfigNT/ActiveDevice.cpp.i
SystemConfigNT/StdAfx.cpp.i
SystemConfigNT/SystemConfig.cpp.i
SystemConfigNT/SystemParameter.cpp.i
SystemConfigNT/Win32CE.cpp.i
SystemConfigNT/veracode.json
TUM/TTLCPNUP.C.i
TUM/TTLSBDUP.C.i
TUM/TTLSBPUP.C.i
TUM/TTLUMSUB.C.i
TUM/totaltum.c.i
TUM/ttlbkup.c.i
TUM/ttlsbcup.c.i
TUM/ttlsbfup.c.i
TUM/ttlsbhup.c.i
TUM/ttltimup.c.i
TUM/ttlumup.c.i
TUM/veracode.json
Tbc/tbcPifIf.c.i
Tbc/tbcapi.c.i
Tbc/tbcsync.c.i
Tbc/tbcthrd.c.i
Tbc/veracode.json
Tender/ittend.c.i
Tender/ittend1.c.i
Tender/ittend2.c.i
Tender/ittend3.c.i
Tender/ittend4.c.i
Tender/ittend5.c.i
Tender/ittendf1.c.i
Tender/ittendf2.c.i
Tender/ittendf3.c.i
Tender/ittendfs.c.i
Tender/ittends1.c.i
Tender/veracode.json
Thermsup/PRSCPMT.C.i
Thermsup/PRSPIGT.C.i
Thermsup/PRSPMEUT.C.i
Thermsup/PRSRESTT.C.i
Thermsup/Prsaget.c.i
Thermsup/Prstodt.c.i
Thermsup/prsbcast.c.i
Thermsup/prscast.c.i
Thermsup/prscmnvlt.c.i
Thermsup/prscomt.c.i
Thermsup/prscpnt.c.i
Thermsup/prscprpt.c.i
Thermsup/prscstrt.c.i
Thermsup/prscwrpt.c.i
Thermsup/prsdatat.c.i
Thermsup/prsdeptt.c.i
Thermsup/prsderpt.c.i
Thermsup/prsdmeut.c.i
Thermsup/prsdrvtt.c.i
Thermsup/prsdspst.c.i
Thermsup/prsejt.c.i
Thermsup/prsempt.c.i
Thermsup/prserrt.c.i
Thermsup/prsetkft.c.i
Thermsup/prsetkt.c.i
Thermsup/prsfct.c.i
Thermsup/prsfeedt.c.i
Thermsup/prsflext.c.i
Thermsup/prsfsct.c.i
Thermsup/prsgcfct.c.i
Thermsup/prsgcft.c.i
Thermsup/prsgcnot.c.i
Thermsup/prshorpt.c.i
Thermsup/prshourt.c.i
Thermsup/prskctlt.c.i
Thermsup/prskdst.c.i
Thermsup/prslpjt.c.i
Thermsup/prslpt.c.i
Thermsup/prsmdct.c.i
Thermsup/prsmenpt.c.i
Thermsup/prsmnet.c.i
Thermsup/prsopstt.c.i
Thermsup/prspamtt.c.i
Thermsup/prsplrpt.c.i
Thermsup/prsplut.c.i
Thermsup/prsppit.c.i
Thermsup/prsregft.c.i
Thermsup/prsrndt.c.i
Thermsup/prsservt.c.i
Thermsup/prsslvlt.c.i
Thermsup/prsstot.c.i
Thermsup/prstaret.c.i
Thermsup/prstlyt.c.i
Thermsup/prstrnt.c.i
Thermsup/prstxrtt.c.i
Thermsup/prstxtbt.c.i
Thermsup/prswclst.c.i
Thermsup/veracode.json
TotalPlu/TtlPlu.c.i
TotalPlu/TtlPluBk.c.i
TotalPlu/TtlPluUp.c.i
TotalPlu/TtlPluUp_TEST.c.i
TotalPlu/TtlPlusb.c.i
TotalPlu/dbtest.c.i
TotalPlu/veracode.json
TouchLibrary/DefaultData.cpp.i
TouchLibrary/StdAfx.cpp.i
TouchLibrary/WindowButton.cpp.i
TouchLibrary/WindowControl.cpp.i
TouchLibrary/WindowControlSample.cpp.i
TouchLibrary/WindowDocument.cpp.i
TouchLibrary/WindowEditBox.cpp.i
TouchLibrary/WindowGroup.cpp.i
TouchLibrary/WindowItem.cpp.i
TouchLibrary/WindowLabel.cpp.i
TouchLibrary/WindowListBox.cpp.i
TouchLibrary/WindowText.cpp.i
TouchLibrary/veracode.json
Tranopen/ittrop.c.i
Tranopen/ittrop1.c.i
Tranopen/ittrop2.c.i
Tranopen/ittrop3.c.i
Tranopen/ittrop4.c.i
Tranopen/ittrop5.c.i
Tranopen/ittrop6.c.i
Tranopen/ittrop7.c.i
Tranopen/veracode.json
Trans/trnbdspl.c.i
Trans/trnbody.c.i
Trans/trncomn.c.i
Trans/trncpn.c.i
Trans/trnitem.c.i
Trans/trnitspl.c.i
Trans/trnqual.c.i
Trans/trnquspl.c.i
Trans/trnsplt1.c.i
Trans/trnsplt2.c.i
Trans/trnstor.c.i
Trans/trnstspl.c.i
Trans/veracode.json
Ttl/CSLEADTL.C.i
Ttl/TTLMDCCH.C.i
Ttl/totalfl.c.i
Ttl/ttlbakup.c.i
Ttl/ttlflini.c.i
Ttl/ttlfliss.c.i
Ttl/ttlflsub.c.i
Ttl/ttlsav.c.i
Ttl/ttlsubrd.c.i
Ttl/ttlsubwr.c.i
Ttl/veracode.json
Ttlkey/itsplit.c.i
Ttlkey/ittotal.c.i
Ttlkey/ittotal1.c.i
Ttlkey/ittotal2.c.i
Ttlkey/ittotal3.c.i
Ttlkey/ittotal4.c.i
Ttlkey/ittotal5.c.i
Ttlkey/ittotal6.c.i
Ttlkey/ittotal7.c.i
Ttlkey/ittotal8.c.i
Ttlkey/ittotal9.c.i
Ttlkey/ittotals.c.i
Ttlkey/veracode.json
Uic/UICMAIN.C.i
Uic/UICUIF.C.i
Uic/veracode.json
Uiefunc/UIEDIALO.C.i
Uiefunc/UIEINIT.C.i
Uiefunc/UIERETRY.C.i
Uiefunc/uiefunc.c.i
Uiefunc/uieseq.c.i
Uiefunc/veracode.json
Uieio/UIELDEV.c.i
Uieio/uiecoin.c.i
Uieio/uiedev.c.i
Uieio/uiedisp.c.i
Uieio/uiedraw.c.i
Uieio/uieecho.c.i
Uieio/uieerror.c.i
Uieio/uieinit2.c.i
Uieio/uiekey.c.i
Uieio/uiemsr.c.i
Uieio/uieputdt.c.i
Uieio/uiering.c.i
Uieio/uiescale.c.i
Uieio/uiescan.c.i
Uieio/uietrack.c.i
Uieio/uiewait.c.i
Uieio/veracode.json
Uifprog/CVTALPHAW68.C.i
Uifprog/CVTALPHAW78.C.i
Uifprog/CVTALPHC.C.i
Uifprog/CVTALPHM.C.i
Uifprog/CVTPROGC.C.i
Uifprog/CVTPROGM.C.i
Uifprog/CVTPROGTOUCH.C.i
Uifprog/CVTPROGW68.C.i
Uifprog/CVTPROGW78.C.i
Uifprog/UIFPG10.C.i
Uifprog/UIFPG15.C.i
Uifprog/UIFPG17.C.i
Uifprog/UIFPG18.C.i
Uifprog/UIFPG2.C.i
Uifprog/UIFPG20.C.i
Uifprog/UIFPG21.C.i
Uifprog/UIFPG22.C.i
Uifprog/UIFPG23.C.i
Uifprog/UIFPG39.C.i
Uifprog/UIFPG46.C.i
Uifprog/UIFPG47.C.i
Uifprog/UIFPG48.C.i
Uifprog/UIFPG49.C.i
Uifprog/UIFPG50.C.i
Uifprog/UIFPG54.C.i
Uifprog/UIFPG57.C.i
Uifprog/UIFPG6.C.i
Uifprog/UIFPG60.C.i
Uifprog/UIFPG61.C.i
Uifprog/UIFPG67.c.i
Uifprog/UIFPG7.C.i
Uifprog/UIFPG8.C.i
Uifprog/UIFPG9.C.i
Uifprog/UIFPG95.C.i
Uifprog/Uifpg51.c.i
Uifprog/Uifpg99.c.i
Uifprog/uifpg1.c.i
Uifprog/uifpg3.c.i
Uifprog/uifpg62.c.i
Uifprog/uifpg65.c.i
Uifprog/uifpgmod.c.i
Uifprog/veracode.json
Uifreg/CVTREGC.C.i
Uifreg/CVTREGM.C.i
Uifreg/CVTREGTICKET.C.i
Uifreg/CVTREGTOUCH.C.i
Uifreg/CVTREGW68.C.i
Uifreg/CVTREGW78.C.i
Uifreg/UIDGCNET.C.i
Uifreg/UIDLINET.C.i
Uifreg/UIDPERET.C.i
Uifreg/UIDTBLET.C.i
Uifreg/UIDWAIIN.C.i
Uifreg/UIDWAIRV.C.i
Uifreg/UIDWINET.C.i
Uifreg/UIFCCOMP.C.i
Uifreg/UIFCHKNO.C.i
Uifreg/UIFCKTRS.C.i
Uifreg/UIFFEDRL.C.i
Uifreg/UIFFEED.C.i
Uifreg/UIFMONFL.C.i
Uifreg/UIFMONIN.C.i
Uifreg/UIFMONOT.C.i
Uifreg/UIFMONTL.C.i
Uifreg/UIFNCKEN.C.i
Uifreg/UIFPAYMD.C.i
Uifreg/UIFPB.C.i
Uifreg/UIFPOST.C.i
Uifreg/UIFRECPT.C.i
Uifreg/UIFREVER.C.i
Uifreg/UIFTRSIN.C.i
Uifreg/UIFTVOID.C.i
Uifreg/Uidprcet.c.i
Uifreg/uidcas.c.i
Uifreg/uidcaset.c.i
Uifreg/uidclr.c.i
Uifreg/uidcp.c.i
Uifreg/uidcpet.c.i
Uifreg/uidetk.c.i
Uifreg/uidetket.c.i
Uifreg/uidgcn.c.i
Uifreg/uidlin.c.i
Uifreg/uidoek.c.i
Uifreg/uidoeket.c.i
Uifreg/uidoep.c.i
Uifreg/uidoepet.c.i
Uifreg/uidper.c.i
Uifreg/uidprc.c.i
Uifreg/uidsclet.c.i
Uifreg/uidscrl.c.i
Uifreg/uidseaet.c.i
Uifreg/uidseat.c.i
Uifreg/uidspint.c.i
Uifreg/uidtbl.c.i
Uifreg/uidtsf.c.i
Uifreg/uidtsfer.c.i
Uifreg/uifacken.c.i
Uifreg/uifaddck.c.i
Uifreg/uifalp.c.i
Uifreg/uifalpf.c.i
Uifreg/uifcan.c.i
Uifreg/uifcas.c.i
Uifreg/uifcasin.c.i
Uifreg/uifcasot.c.i
Uifreg/uifchtip.c.i
Uifreg/uifcvoid.c.i
Uifreg/uifdeclr.c.i
Uifreg/uifdisc.c.i
Uifreg/uifdspnf.c.i
Uifreg/uifdspns.c.i
Uifreg/uifec.c.i
Uifreg/uifetkin.c.i
Uifreg/uifetkot.c.i
Uifreg/uifforin.c.i
Uifreg/uifforot.c.i
Uifreg/uifgcinf.c.i
Uifreg/uifgcnum.c.i
Uifreg/uifitem.c.i
Uifreg/uifmsr.c.i
Uifreg/uifnewck.c.i
Uifreg/uifnewgc.c.i
Uifreg/uifnewks.c.i
Uifreg/uifpay.c.i
Uifreg/uifprdmd.c.i
Uifreg/uifpsn.c.i
Uifreg/uifpsnf.c.i
Uifreg/uifpstot.c.i
Uifreg/uifreg.c.i
Uifreg/uifrelse.c.i
Uifreg/uifreodr.c.i
Uifreg/uifrgcom.c.i
Uifreg/uifrgdef.c.i
Uifreg/uifsales.c.i
Uifreg/uifseat.c.i
Uifreg/uifsingl.c.i
Uifreg/uifslock.c.i
Uifreg/uiftend.c.i
Uifreg/uiftotal.c.i
Uifreg/uiftrnsf.c.i
Uifreg/uiftrsot.c.i
Uifreg/uifwai.c.i
Uifreg/uifwaiin.c.i
Uifreg/uifwaiot.c.i
Uifreg/uifwictr.c.i
Uifreg/veracode.json
Uifsup/UIFAC10.C.i
Uifsup/UIFAC11.C.i
Uifsup/UIFAC128.C.i
Uifsup/UIFAC208.C.i
Uifsup/UIFAC4.C.i
Uifsup/Uifac170.c.i
Uifsup/uifac1.c.i
Uifsup/uifac100.c.i
Uifsup/uifac102.c.i
Uifsup/uifac103.c.i
Uifsup/uifac111.c.i
Uifsup/uifac114.c.i
Uifsup/uifac115.c.i
Uifsup/uifac116.c.i
Uifsup/uifac119.c.i
Uifsup/uifac122.c.i
Uifsup/uifac123.c.i
Uifsup/uifac124.c.i
Uifsup/uifac125.c.i
Uifsup/uifac126.c.i
Uifsup/uifac127.c.i
Uifsup/uifac129.c.i
Uifsup/uifac130.c.i
Uifsup/uifac131.c.i
Uifsup/uifac132.c.i
Uifsup/uifac133.c.i
Uifsup/uifac135.c.i
Uifsup/uifac136.c.i
Uifsup/uifac137.c.i
Uifsup/uifac15.c.i
Uifsup/uifac150.c.i
Uifsup/uifac151.c.i
Uifsup/uifac152.c.i
Uifsup/uifac153.c.i
Uifsup/uifac154.c.i
Uifsup/uifac160.c.i
Uifsup/uifac161.c.i
Uifsup/uifac162.c.i
Uifsup/uifac169.c.i
Uifsup/uifac17.c.i
Uifsup/uifac175.c.i
Uifsup/uifac176.c.i
Uifsup/uifac18.c.i
Uifsup/uifac19.c.i
Uifsup/uifac194.c.i
Uifsup/uifac2.c.i
Uifsup/uifac20.c.i
Uifsup/uifac21.c.i
Uifsup/uifac223.c.i
Uifsup/uifac23.c.i
Uifsup/uifac233.c.i
Uifsup/uifac24.c.i
Uifsup/uifac26.c.i
Uifsup/uifac275.c.i
Uifsup/uifac276.c.i
Uifsup/uifac29.c.i
Uifsup/uifac3.c.i
Uifsup/uifac30.c.i
Uifsup/uifac31.c.i
Uifsup/uifac33.c.i
Uifsup/uifac39.c.i
Uifsup/uifac40.c.i
Uifsup/uifac42.c.i
Uifsup/uifac444.c.i
Uifsup/uifac5.c.i
Uifsup/uifac50.c.i
Uifsup/uifac6.c.i
Uifsup/uifac63.c.i
Uifsup/uifac64.c.i
Uifsup/uifac66.c.i
Uifsup/uifac68.c.i
Uifsup/uifac7.c.i
Uifsup/uifac70.c.i
Uifsup/uifac71.c.i
Uifsup/uifac72.c.i
Uifsup/uifac75.c.i
Uifsup/uifac777.c.i
Uifsup/uifac78.c.i
Uifsup/uifac82.c.i
Uifsup/uifac84.c.i
Uifsup/uifac85.c.i
Uifsup/uifac86.c.i
Uifsup/uifac87.c.i
Uifsup/uifac88.c.i
Uifsup/uifac888.c.i
Uifsup/uifac89.c.i
Uifsup/uifac97.c.i
Uifsup/uifac985.c.i
Uifsup/uifac99.c.i
Uifsup/uifac999.c.i
Uifsup/uifacmod.c.i
Uifsup/veracode.json
http/httpmain.c.i
http/veracode.json
httpserver/AsyncSockListen.cpp.i
httpserver/AsyncSockRequest.cpp.i
httpserver/DocumentRequest.cpp.i
httpserver/ServerThread.cpp.i
httpserver/StdAfx.cpp.i
httpserver/httpserver.cpp.i
httpserver/veracode.json
pif/pif.c.i
pif/pifconf.c.i
pif/piffile.c.i
pif/piffileconv.c.i
pif/pifio.c.i
pif/pifnet.c.i
pif/pifnop.c.i
pif/pifpower.c.i
pif/pifqueue.c.i
pif/pifsem.c.i
pif/pifsio.c.i
pif/pifsound.c.i
pif/piftask.c.i
pif/veracode.json
prtMain/PrtMain.c.i
prtMain/veracode.json
thermreg/PRCSHR_.C.i
thermreg/PrROrdDecT.c.i
thermreg/prcfeedt.c.i
thermreg/prcitemt.c.i
thermreg/prctran_.c.i
thermreg/prdcmn_.c.i
thermreg/prddfl_.c.i
thermreg/prradd1t.c.i
thermreg/prradd2t.c.i
thermreg/prrcasit.c.i
thermreg/prrchktt.c.i
thermreg/prrcmnj_.c.i
thermreg/prrcmns_.c.i
thermreg/prrcmnt_.c.i
thermreg/prrcnclt.c.i
thermreg/prrcomn_.c.i
thermreg/prrcpnt.c.i
thermreg/prrctaxt.c.i
thermreg/prrdeptt.c.i
thermreg/prrdisct.c.i
thermreg/prrect.c.i
thermreg/prretkt.c.i
thermreg/prrftndt.c.i
thermreg/prrheadt.c.i
thermreg/prrimodt.c.i
thermreg/prrirdit.c.i
thermreg/prrkpt.c.i
thermreg/prrkptEx.c.i
thermreg/prrmisct.c.i
thermreg/prrmltlt.c.i
thermreg/prrmltpt.c.i
thermreg/prrmoddt.c.i
thermreg/prrmulct.c.i
thermreg/prrmulpt.c.i
thermreg/prrmult.c.i
thermreg/prrnchkt.c.i
thermreg/prrnoslt.c.i
thermreg/prrntndt.c.i
thermreg/prropent.c.i
thermreg/prrplut.c.i
thermreg/prrpot.c.i
thermreg/prrpromt.c.i
thermreg/prrreodt.c.i
thermreg/prrroat.c.i
thermreg/prrsalet.c.i
thermreg/prrsett.c.i
thermreg/prrsevtt.c.i
thermreg/prrsrect.c.i
thermreg/prrtaxt.c.i
thermreg/prrtdt.c.i
thermreg/prrtendt.c.i
thermreg/prrtipt.c.i
thermreg/prrtotlt.c.i
thermreg/prrtpot.c.i
thermreg/prrtrayt.c.i
thermreg/prrtrilt.c.i
thermreg/prrttlt.c.i
thermreg/prrutaxt.c.i
thermreg/prrvatt.c.i
thermreg/veracode.json
Total files:     1189
