ASY16_20/ASYPCLOS.C.i
ASY16_20/ASYPCNTL.C.i
ASY16_20/ASYPINIT.C.i
ASY16_20/ASYPOPEN.C.i
ASY16_20/ASYPREAD.C.i
ASY16_20/ASYPWRT.C.i
ASY16_20/ASYRM.C.i
ASY16_20/ASYWM.C.i
ASY16_20/veracode.json
AW_Interfaces/StdAfx.cpp.i
AW_Interfaces/unicode_utilities.cpp.i
AW_Interfaces/veracode.json
ConnEngineMfc/ConnEngineMfc.cpp.i
ConnEngineMfc/ConnEngineSocket.cpp.i
ConnEngineMfc/StdAfx.cpp.i
ConnEngineMfc/veracode.json
KERNEL16_20/CLOSE.C.i
KERNEL16_20/CONF.C.i
KERNEL16_20/CONTROL.C.i
KERNEL16_20/CRC.c.i
KERNEL16_20/GETDEV.C.i
KERNEL16_20/INIT.C.i
KERNEL16_20/INITIALI.C.i
KERNEL16_20/IOERR.C.i
KERNEL16_20/IONULL.C.i
KERNEL16_20/OPEN.C.i
KERNEL16_20/READ.C.i
KERNEL16_20/SLEEPM.C.i
KERNEL16_20/WRITE.C.i
KERNEL16_20/veracode.json
LAYOUT/LAYOUTFILE.C.i
LAYOUT/LAYOUTMNGREXEC.C.i
LAYOUT/veracode.json
LM_ResDLL_French/LM_ResDLL_French.cpp.i
LM_ResDLL_French/StdAfx.cpp.i
LM_ResDLL_French/veracode.json
LM_ResDLL_German/German.cpp.i
LM_ResDLL_German/StdAfx.cpp.i
LM_ResDLL_German/veracode.json
LM_ResDLL_SimplifiedChinese/SimplifiedChinese.cpp.i
LM_ResDLL_SimplifiedChinese/StdAfx.cpp.i
LM_ResDLL_SimplifiedChinese/veracode.json
LM_ResDLL_Spanish/LM_ResDLL_Spanish.cpp.i
LM_ResDLL_Spanish/StdAfx.cpp.i
LM_ResDLL_Spanish/veracode.json
NCR2172Pif_20/Debug.c.i
NCR2172Pif_20/NCR2172Pif.c.i
NCR2172Pif_20/PIF32.c.i
NCR2172Pif_20/PIFOTHER.C.i
NCR2172Pif_20/Pifctl.c.i
NCR2172Pif_20/Pifnet.c.i
NCR2172Pif_20/Pifsio.c.i
NCR2172Pif_20/SIO32.c.i
NCR2172Pif_20/net32.c.i
NCR2172Pif_20/veracode.json
NCR2172Stub_20/NCR2172Stub.c.i
NCR2172Stub_20/veracode.json
NET16_20/CKSUM.c.i
NET16_20/DGALLOC.C.i
NET16_20/DGCLOSE.C.i
NET16_20/DGCNTL.C.i
NET16_20/DGINIT.C.i
NET16_20/DGREAD.C.i
NET16_20/DGWRITE.C.i
NET16_20/GETADDR.C.i
NET16_20/ICMPECHO.C.i
NET16_20/IPRECV.C.i
NET16_20/IPSEND.C.i
NET16_20/NETCNTL.C.i
NET16_20/NETINIT.C.i
NET16_20/NETOPEN.C.i
NET16_20/NETSTART.C.i
NET16_20/NETSTOP.C.i
NET16_20/NETUTIL.c.i
NET16_20/NQALLOC.C.i
NET16_20/ROUTE.C.i
NET16_20/UDPNXTP.C.i
NET16_20/UDPRECV.C.i
NET16_20/UDPSEND.C.i
NET16_20/veracode.json
NHPOSLM/ChildFrm.cpp.i
NHPOSLM/DActiveWndEdit.cpp.i
NHPOSLM/DButtonAction.cpp.i
NHPOSLM/DButtonEdit.cpp.i
NHPOSLM/DEntryAdjPls.cpp.i
NHPOSLM/DEntryDept.cpp.i
NHPOSLM/DEntryPLU.cpp.i
NHPOSLM/DEntryWinID.cpp.i
NHPOSLM/DFileSummaryDlg.cpp.i
NHPOSLM/DGroupPermission.cpp.i
NHPOSLM/DLanguageEdit.cpp.i
NHPOSLM/DListBoxEdit.cpp.i
NHPOSLM/DTextItem.cpp.i
NHPOSLM/DWinItem.cpp.i
NHPOSLM/DWinLabel.cpp.i
NHPOSLM/DWindowGroup.cpp.i
NHPOSLM/DWindowList.cpp.i
NHPOSLM/D_OEPEdit.cpp.i
NHPOSLM/DefaultEdit.cpp.i
NHPOSLM/KeypadEntry.cpp.i
NHPOSLM/LOMCommandLineInfo.cpp.i
NHPOSLM/LOMSPlitterWnd.cpp.i
NHPOSLM/LeftView.cpp.i
NHPOSLM/MainFrm.cpp.i
NHPOSLM/ModeEntry.cpp.i
NHPOSLM/NewLayout.cpp.i
NHPOSLM/NewLayoutDoc.cpp.i
NHPOSLM/NewLayoutView.cpp.i
NHPOSLM/StaticColorPatch.cpp.i
NHPOSLM/StdAfx.cpp.i
NHPOSLM/WindowButtonExt.cpp.i
NHPOSLM/WindowControlSampleExt.cpp.i
NHPOSLM/WindowDocumentExt.cpp.i
NHPOSLM/WindowEditBoxExt.cpp.i
NHPOSLM/WindowItemExt.cpp.i
NHPOSLM/WindowLabelExt.cpp.i
NHPOSLM/WindowListBoxExt.cpp.i
NHPOSLM/WindowTextExt.cpp.i
NHPOSLM/veracode.json
PCSample_PEP/CashierNoDlg.cpp.i
PCSample_PEP/DateTimeDlg.cpp.i
PCSample_PEP/DeptNoDlg.cpp.i
PCSample_PEP/DiaCashierAddEdit.cpp.i
PCSample_PEP/DiaCashierEdit.cpp.i
PCSample_PEP/GCNoDlg.cpp.i
PCSample_PEP/GlobalFunction.cpp.i
PCSample_PEP/GuestCheck.cpp.i
PCSample_PEP/LanDlg.cpp.i
PCSample_PEP/LogonDlg.cpp.i
PCSample_PEP/MDeptNoDlg.cpp.i
PCSample_PEP/MainFrm.cpp.i
PCSample_PEP/ModemDlg.cpp.i
PCSample_PEP/OperatorLock.cpp.i
PCSample_PEP/PCSample.cpp.i
PCSample_PEP/PCSampleDoc.cpp.i
PCSample_PEP/PCSampleView.cpp.i
PCSample_PEP/ParaCashier.cpp.i
PCSample_PEP/ParaCoupon.cpp.i
PCSample_PEP/ParaDept.cpp.i
PCSample_PEP/ParaETK.cpp.i
PCSample_PEP/ParaFlexMem.cpp.i
PCSample_PEP/ParaPlu.cpp.i
PCSample_PEP/ParaStoreNo.cpp.i
PCSample_PEP/Parameter.cpp.i
PCSample_PEP/PasswordDlg.cpp.i
PCSample_PEP/PcIfPort.cpp.i
PCSample_PEP/PluAssignUpdate.cpp.i
PCSample_PEP/RPageBase.cpp.i
PCSample_PEP/RPageCashierAction.cpp.i
PCSample_PEP/RPageConnect.cpp.i
PCSample_PEP/RPageEmployeeChange.cpp.i
PCSample_PEP/RPageGuestCheck.cpp.i
PCSample_PEP/RPropertySheet.cpp.i
PCSample_PEP/ReportEJ.cpp.i
PCSample_PEP/ReportEOD.cpp.i
PCSample_PEP/SavedTotal.cpp.i
PCSample_PEP/SendOpMessageDialog.cpp.i
PCSample_PEP/SerialPortDlg.cpp.i
PCSample_PEP/SignInLock.cpp.i
PCSample_PEP/StdAfx.cpp.i
PCSample_PEP/StoreNoDlg.cpp.i
PCSample_PEP/TallyCPM.cpp.i
PCSample_PEP/Terminal.cpp.i
PCSample_PEP/TerminalNoDlg.cpp.i
PCSample_PEP/Total.cpp.i
PCSample_PEP/TtlCashier.cpp.i
PCSample_PEP/TtlCoupon.cpp.i
PCSample_PEP/TtlDept.cpp.i
PCSample_PEP/TtlETK.cpp.i
PCSample_PEP/TtlHourly.cpp.i
PCSample_PEP/TtlIndFin.cpp.i
PCSample_PEP/TtlPlu.cpp.i
PCSample_PEP/TtlRegFin.cpp.i
PCSample_PEP/TtlServTime.cpp.i
PCSample_PEP/veracode.json
PEPControl/PEPControl.cpp.i
PEPControl/SECControl.cpp.i
PEPControl/StdAfx.cpp.i
PEPControl/activeformx.cpp.i
PEPControl/softlocx6.cpp.i
PEPControl/veracode.json
PR_ResDLL_ChineseSimplified/PR_ResDLL_ChineseSimplified.cpp.i
PR_ResDLL_ChineseSimplified/StdAfx.cpp.i
PR_ResDLL_ChineseSimplified/veracode.json
PR_ResDLL_French/PR_ResDLL_French.cpp.i
PR_ResDLL_French/StdAfx.cpp.i
PR_ResDLL_French/veracode.json
PR_ResDLL_German/PR_ResDLL_German.cpp.i
PR_ResDLL_German/StdAfx.cpp.i
PR_ResDLL_German/veracode.json
PR_ResDLL_Spanish/PR_ResDLL_Spanish.cpp.i
PR_ResDLL_Spanish/StdAfx.cpp.i
PR_ResDLL_Spanish/veracode.json
PifNetPc/NETMEMRY.C.i
PifNetPc/NET_APIS.C.i
PifNetPc/PifnetPc.c.i
PifNetPc/StdAfx.c.i
PifNetPc/net_cli.c.i
PifNetPc/veracode.json
Plu_gp/PluaplGP.c.i
Plu_gp/PlumnGP.c.i
Plu_gp/PlumnpGP.c.i
Plu_gp/PluphyGP.c.i
Plu_gp/veracode.json
ResDLL_ChineseSimplified/ResDLL_ChineseSimplified.cpp.i
ResDLL_ChineseSimplified/StdAfx.cpp.i
ResDLL_ChineseSimplified/veracode.json
ResDLL_French/ResDLL_French.cpp.i
ResDLL_French/StdAfx.cpp.i
ResDLL_French/veracode.json
ResDLL_German/ResDLL_German.cpp.i
ResDLL_German/StdAfx.cpp.i
ResDLL_German/veracode.json
ResDLL_Spanish/ResDLL_Spanish.cpp.i
ResDLL_Spanish/StdAfx.cpp.i
ResDLL_Spanish/veracode.json
SIO16_20/SIOPCLOS.C.i
SIO16_20/SIOPCNTL.C.i
SIO16_20/SIOPINIT.C.i
SIO16_20/SIOPOPEN.C.i
SIO16_20/SIOPREAD.C.i
SIO16_20/SIOPWRT.C.i
SIO16_20/veracode.json
STUB16_20/PCIFCLOS.C.i
STUB16_20/PCIFCON.C.i
STUB16_20/PCIFDISC.C.i
STUB16_20/PCIFOPEN.C.i
STUB16_20/Pcifclex.c.i
STUB16_20/Pcifopex.c.i
STUB16_20/R20_PCSTBCAS.C.i
STUB16_20/R20_PCSTBCOM.C.i
STUB16_20/R20_PCSTBCPM.C.i
STUB16_20/R20_PCSTBEJ.C.i
STUB16_20/R20_PCSTBETK.C.i
STUB16_20/R20_PCSTBGCF.C.i
STUB16_20/R20_PCSTBISP.C.i
STUB16_20/R20_PCSTBOPR.C.i
STUB16_20/R20_PCSTBPAR.C.i
STUB16_20/R20_PCSTBTTL.C.i
STUB16_20/R20_STUBRMT.C.i
STUB16_20/veracode.json
SqliteDBE_allPepPCIF/sqlite3.c.i
SqliteDBE_allPepPCIF/veracode.json
TouchLibrary/DefaultData.cpp.i
TouchLibrary/StdAfx.cpp.i
TouchLibrary/WindowButton.cpp.i
TouchLibrary/WindowControl.cpp.i
TouchLibrary/WindowControlSample.cpp.i
TouchLibrary/WindowDocument.cpp.i
TouchLibrary/WindowEditBox.cpp.i
TouchLibrary/WindowGroup.cpp.i
TouchLibrary/WindowItem.cpp.i
TouchLibrary/WindowLabel.cpp.i
TouchLibrary/WindowListBox.cpp.i
TouchLibrary/WindowText.cpp.i
TouchLibrary/veracode.json
YAM16_20/YAMCLOSE.C.i
YAM16_20/YAMCNTL.C.i
YAM16_20/YAMINIT.C.i
YAM16_20/YAMOPEN.C.i
YAM16_20/YAMREAD.C.i
YAM16_20/YAMRESP.C.i
YAM16_20/YAMRM.C.i
YAM16_20/YAMWM.C.i
YAM16_20/YAMWRITE.C.i
YAM16_20/veracode.json
cascas/CSCAS.C.i
cascas/CSCASIN.C.i
cascas/CSCASPE.C.i
cascas/StdAfx.cpp.i
cascas/veracode.json
etk/NWETK.C.i
etk/NWETKIN.C.i
etk/NWETKPE.C.i
etk/veracode.json
file/FILECONF.C.i
file/FILEDEL.C.i
file/FILEEXIT.C.i
file/FILEINTR.C.i
file/FILELOGO.c.i
file/FILEMG205.C.i
file/FILEMG212.C.i
file/FILEMG220.C.i
file/FILENEW.C.i
file/FILESAVE.C.i
file/FILESVAS.C.i
file/FILEUSER.C.i
file/Filebind.c.i
file/Filediv.c.i
file/Filemigr.c.i
file/Fileopen.c.i
file/veracode.json
opepara/Nwop.c.i
opepara/Nwophgv10.c.i
opepara/Nwophgv203.c.i
opepara/Nwophgv210.c.i
opepara/Nwopin.c.i
opepara/Nwoppein.c.i
opepara/Nwopv34.c.i
opepara/veracode.json
para/Paraall.c.i
para/Paraflex.c.i
para/Paramdc.c.i
para/uniniram.c.i
para/veracode.json
pep/ABOUT.C.i
pep/HELP.C.i
pep/Pep.c.i
pep/veracode.json
pepact32/A004.c.i
pepact32/A005.C.i
pepact32/A007.C.i
pepact32/A020.C.i
pepact32/A033.C.i
pepact32/A068.c.i
pepact32/A071.C.i
pepact32/A084.c.i
pepact32/A086.C.i
pepact32/A087.C.i
pepact32/A088.C.i
pepact32/A089.c.i
pepact32/A111.C.i
pepact32/A114.c.i
pepact32/A115.c.i
pepact32/A116.c.i
pepact32/A124.C.i
pepact32/A127.C.i
pepact32/A128.C.i
pepact32/A130.C.i
pepact32/A133.C.i
pepact32/A137.C.i
pepact32/A152.C.i
pepact32/A154.C.i
pepact32/A160.C.i
pepact32/A161.c.i
pepact32/A162.C.i
pepact32/A170.C.i
pepact32/A208.C.i
pepact32/A209.C.i
pepact32/ACTION.C.i
pepact32/veracode.json
pepcomm/PEPFLAG.C.i
pepcomm/Pepcomm.c.i
pepcomm/veracode.json
pepprn/PRNP003.C.i
pepprn/PRNP003F.C.i
pepprn/Pepprn.c.i
pepprn/Prna068.c.i
pepprn/Prna068c.c.i
pepprn/Prna068d.c.i
pepprn/prnp003p.c.i
pepprn/veracode.json
plu/PluHash.c.i
plu/PluSer.c.i
plu/Plumain.c.i
plu/Pluphysc.c.i
plu/pluappli.c.i
plu/pluassert.c.i
plu/plumanip.c.i
plu/veracode.json
prog32/P001.c.i
prog32/P002.c.i
prog32/P003.c.i
prog32/P006.C.i
prog32/P008.C.i
prog32/P009.C.i
prog32/P010.C.i
prog32/P015.C.i
prog32/P017.C.i
prog32/P018.C.i
prog32/P020.C.i
prog32/P021.C.i
prog32/P022.C.i
prog32/P023.C.i
prog32/P046.C.i
prog32/P047.C.i
prog32/P048.C.i
prog32/P049.C.i
prog32/P051.c.i
prog32/P054.C.i
prog32/P057.c.i
prog32/P060.C.i
prog32/P062.C.i
prog32/P065.C.i
prog32/P067.C.i
prog32/P072.C.i
prog32/P097.c.i
prog32/P098.c.i
prog32/P223.c.i
prog32/PROG.C.i
prog32/p050.c.i
prog32/veracode.json
progReport_32_win/CLPBOARD.CPP.i
progReport_32_win/DLG16CM.CPP.i
progReport_32_win/DLG40CM.CPP.i
progReport_32_win/DLGEOD.CPP.i
progReport_32_win/DLGFIELD.CPP.i
progReport_32_win/DLGIMP.CPP.i
progReport_32_win/DLGLIST.CPP.i
progReport_32_win/DLGLOOP.CPP.i
progReport_32_win/DLGMATHE.CPP.i
progReport_32_win/DLGPRT.CPP.i
progReport_32_win/DLGPRTD.CPP.i
progReport_32_win/DLGPTD.CPP.i
progReport_32_win/DLGSIZE.CPP.i
progReport_32_win/DLGTITLE.CPP.i
progReport_32_win/INFO.CPP.i
progReport_32_win/ITEM.CPP.i
progReport_32_win/LISTVW.CPP.i
progReport_32_win/MAINFRM.CPP.i
progReport_32_win/PROGRDOC.CPP.i
progReport_32_win/PROGRFRM.CPP.i
progReport_32_win/PROGRPT.CPP.i
progReport_32_win/REPORT.CPP.i
progReport_32_win/REPORTVW.CPP.i
progReport_32_win/STDAFX.CPP.i
progReport_32_win/veracode.json
progrpt/PROGRPT.C.i
progrpt/_PROGFIL.C.i
progrpt/veracode.json
report/RPTEXEC.C.i
report/RPTFILE.C.i
report/veracode.json
rfl/RFLBCD.C.i
rfl/RFLBSER.C.i
rfl/RFLPLU.C.i
rfl/Rfllabel.c.i
rfl/rfl3to4.c.i
rfl/rflRSSVAR.c.i
rfl/rflrandm.c.i
rfl/veracode.json
trans/TRATCOMM.C.i
trans/TRATDIR.C.i
trans/TRATPASS.C.i
trans/TRATSEL.C.i
trans/Traabort.c.i
trans/Tranconv.c.i
trans/Tranip.c.i
trans/Trans.c.i
trans/Traterm.c.i
trans/Tratrece.c.i
trans/Tratsend.c.i
trans/veracode.json
Total files:      443
